{
	"exercise": "Template for no parsing",
	"type": "noParse",
	"wrapper": {}
}