{
    "content": {
        "sentence": "C'est la première rue <blank> droite. Nous allons <blank> zoo.",
        "answer": "C'est la première rue à droite. Nous allons au zoo.",
        "wordBank": [
			"au",
            "à"
        ]
    },
    "wrapper": {},
    "exercise": "Fill in the blanks",
    "type": "tapComplete",
    "language": {
        "source": "fr",
        "target": "fr",
        "ui": {
			"client": {
				"main": "en-US",
				"options": ["en-US"]
			},
			"document": "en"
		}
    }
}