{
	"content": {
		"sentence": "Tu dois aller Ã  New York.",
		"answer": [
			"You",
			"have",
			"to",
			"go",
			"to",
			"New",
			"York"
		],
		"wordBank": [
			"after",
			"for",
			"to",
			"go",
			"streets",
			"You",
			"have",
			"York",
			"tree",
			"New",
			"to"
		]
	},
	"exercise": "Write this in English",
	"wrapper": {},
	"type": "translate"
}